// Jest Snapshot v1, https://goo.gl/fbAQLP

exports[`Products snapshot renders 1`] = `
<div
  className="products"
>
  <div
    className="navigationBar"
  >
    <nav
      className="navbar navbar-expand-lg navbar-dark"
    >
      <a
        className="navbar-brand"
        href="/"
      >
        Zak-Market
      </a>
      <button
        aria-controls="basic-navbar-nav"
        aria-label="Toggle navigation"
        className="navbar-toggler collapsed"
        onClick={[Function]}
        type="button"
      >
        <span
          className="navbar-toggler-icon"
        />
      </button>
      <div
        aria-expanded={null}
        className="navbar-collapse collapse"
        id="basic-navbar-nav"
      >
        <div
          className="mr-auto navbar-nav"
          onKeyDown={[Function]}
        >
          <a
            className="nav-link"
            data-rb-event-key="/"
            href="/"
            onClick={[Function]}
            onKeyDown={[Function]}
          >
            Home
          </a>
          <a
            className="nav-link"
            data-rb-event-key="/products"
            href="/products"
            onClick={[Function]}
            onKeyDown={[Function]}
          >
            Products
          </a>
          <a
            className="nav-link"
            data-rb-event-key="/createProduct"
            href="/createProduct"
            onClick={[Function]}
            onKeyDown={[Function]}
          >
            Create a product
          </a>
        </div>
      </div>
    </nav>
  </div>
  <br />
  <div
    className="createProductDiv"
  >
    <a
      href="/createProduct"
      onClick={[Function]}
    >
      <button
        className="createProductBtn btn btn-primary"
        disabled={false}
        type="button"
      >
        Create a new product
      </button>
    </a>
  </div>
  <br />
  <h2>
    Our products
  </h2>
  <br />
  <div
    className="productsContainer"
  />
</div>
`;
